// Jest Snapshot v1, https://goo.gl/fbAQLP

exports[`<Map /> should render correctly 1`] = `
<div
  className="map-component"
>
  <div
    className="row"
  >
    <div
      className="col-12"
    >
      <div
        className="map"
      >
        <div
          id="mapdiv"
        />
      </div>
    </div>
  </div>
</div>
`;
