// Jest Snapshot v1, https://goo.gl/fbAQLP

exports[`<PrintLayout /> should render correctly 1`] = `
<div
  className="print-layout row container"
>
  <div
    className="col-12"
  >
    <h3>
      Melding 
      100
    </h3>
    <div
      className="no-print"
    >
      <button
        className="no-print"
        onClick={[Function]}
      >
        Print
      </button>
      <button
        className="no-print"
        onClick={[MockFunction]}
      >
        Terug
      </button>
    </div>
  </div>
  <div
    className="col-12 incident-print-page__map"
  >
    <MapDetail
      label=""
    />
  </div>
  <div
    className="col-12"
  >
    <IncidentDetail
      incident={Object {}}
      stadsdeelList={Array []}
    />
  </div>
  <div
    className="col-12"
  />
</div>
`;
