// Jest Snapshot v1, https://goo.gl/fbAQLP

exports[`Form component <DateTimeInput /> rendering should render date time field correctly 1`] = `
<div>
  <div
    className="row mode_input datetime-input"
  >
    <div
      className="col-12 invoer antwoorden"
    >
      <Title
        meta={
          Object {
            "ifVisible": true,
            "name": "input-field-name",
          }
        }
      />
      <div
        className="datetime-input__earlier"
      >
        <div
          className="label"
        >
          <label
            htmlFor="input-field-name-select-day"
          >
            Dag
          </label>
        </div>
        <div
          className="invoer datetime-input__earlier-date"
        >
          <select
            className="datetime-input__earlier-day"
            id="input-field-name-select-day"
            onChange={[Function]}
          >
            <option
              key="select-day-option-0"
              value="Vandaag"
            >
              Vandaag
            </option>
            <option
              key="select-day-option-1"
              value="2018-08-26"
            >
              Sunday 26 August
            </option>
            <option
              key="select-day-option-2"
              value="2018-08-25"
            >
              Saturday 25 August
            </option>
            <option
              key="select-day-option-3"
              value="2018-08-24"
            >
              Friday 24 August
            </option>
            <option
              key="select-day-option-4"
              value="2018-08-23"
            >
              Thursday 23 August
            </option>
            <option
              key="select-day-option-5"
              value="2018-08-22"
            >
              Wednesday 22 August
            </option>
            <option
              key="select-day-option-6"
              value="2018-08-21"
            >
              Tuesday 21 August
            </option>
          </select>
        </div>
        <div
          className="label"
        >
          <label
            htmlFor="input-field-name-select-time-hours"
          >
            Tijd
          </label>
        </div>
        <div
          className="invoer datetime-input__earlier-time"
        >
          <select
            className="datetime-input__earlier-time-hours"
            id="input-field-name-select-time-hours"
            onChange={[Function]}
            value={9}
          >
            <option
              key="select-time-hours-option-0"
              value={0}
            >
              0
            </option>
            <option
              key="select-time-hours-option-1"
              value={1}
            >
              1
            </option>
            <option
              key="select-time-hours-option-2"
              value={2}
            >
              2
            </option>
            <option
              key="select-time-hours-option-3"
              value={3}
            >
              3
            </option>
            <option
              key="select-time-hours-option-4"
              value={4}
            >
              4
            </option>
            <option
              key="select-time-hours-option-5"
              value={5}
            >
              5
            </option>
            <option
              key="select-time-hours-option-6"
              value={6}
            >
              6
            </option>
            <option
              key="select-time-hours-option-7"
              value={7}
            >
              7
            </option>
            <option
              key="select-time-hours-option-8"
              value={8}
            >
              8
            </option>
            <option
              key="select-time-hours-option-9"
              value={9}
            >
              9
            </option>
            <option
              key="select-time-hours-option-10"
              value={10}
            >
              10
            </option>
            <option
              key="select-time-hours-option-11"
              value={11}
            >
              11
            </option>
            <option
              key="select-time-hours-option-12"
              value={12}
            >
              12
            </option>
            <option
              key="select-time-hours-option-13"
              value={13}
            >
              13
            </option>
            <option
              key="select-time-hours-option-14"
              value={14}
            >
              14
            </option>
            <option
              key="select-time-hours-option-15"
              value={15}
            >
              15
            </option>
            <option
              key="select-time-hours-option-16"
              value={16}
            >
              16
            </option>
            <option
              key="select-time-hours-option-17"
              value={17}
            >
              17
            </option>
            <option
              key="select-time-hours-option-18"
              value={18}
            >
              18
            </option>
            <option
              key="select-time-hours-option-19"
              value={19}
            >
              19
            </option>
            <option
              key="select-time-hours-option-20"
              value={20}
            >
              20
            </option>
            <option
              key="select-time-hours-option-21"
              value={21}
            >
              21
            </option>
            <option
              key="select-time-hours-option-22"
              value={22}
            >
              22
            </option>
            <option
              key="select-time-hours-option-23"
              value={23}
            >
              23
            </option>
          </select>
          <select
            className="datetime-input__earlier-time-minutes"
            id="input-field-name-select-time-minutes"
            onChange={[Function]}
            value={0}
          >
            <option
              key="select-time-minutes-option-0"
              value={0}
            >
              0
            </option>
            <option
              key="select-time-minutes-option-5"
              value={5}
            >
              5
            </option>
            <option
              key="select-time-minutes-option-10"
              value={10}
            >
              10
            </option>
            <option
              key="select-time-minutes-option-15"
              value={15}
            >
              15
            </option>
            <option
              key="select-time-minutes-option-20"
              value={20}
            >
              20
            </option>
            <option
              key="select-time-minutes-option-25"
              value={25}
            >
              25
            </option>
            <option
              key="select-time-minutes-option-30"
              value={30}
            >
              30
            </option>
            <option
              key="select-time-minutes-option-35"
              value={35}
            >
              35
            </option>
            <option
              key="select-time-minutes-option-40"
              value={40}
            >
              40
            </option>
            <option
              key="select-time-minutes-option-45"
              value={45}
            >
              45
            </option>
            <option
              key="select-time-minutes-option-50"
              value={50}
            >
              50
            </option>
            <option
              key="select-time-minutes-option-55"
              value={55}
            >
              55
            </option>
          </select>
        </div>
      </div>
    </div>
  </div>
</div>
`;

exports[`Form component <DateTimeInput /> rendering should render no date time field when not visible 1`] = `<div />`;
