// Jest Snapshot v1, https://goo.gl/fbAQLP

exports[`<Pager /> should render correctly 1`] = `
ShallowWrapper {
  "length": 1,
  Symbol(enzyme.__root__): [Circular],
  Symbol(enzyme.__unrendered__): <Pager
    incidentsCount={200}
    onPageChanged={[Function]}
    page={2}
/>,
  Symbol(enzyme.__renderer__): Object {
    "batchedUpdates": [Function],
    "getNode": [Function],
    "render": [Function],
    "simulateEvent": [Function],
    "unmount": [Function],
  },
  Symbol(enzyme.__node__): Object {
    "instance": null,
    "key": undefined,
    "nodeType": "host",
    "props": Object {
      "children": <div
        className="pager"
>
        <a
                className="pager_nav vorige"
                onClick={[Function]}
                role="presentation"
        >
                <FormattedMessage
                        defaultMessage="vorige"
                        id="app.components.Pager.previous"
                        values={Object {}}
                />
        </a>
        <a
                className="pager_step pagina"
                onClick={[Function]}
                role="presentation"
        >
                1
        </a>
        <span
                className="pager_step huidige"
                onClick={[Function]}
                role="presentation"
        >
                <strong>
                        2
                </strong>
        </span>
        <a
                className="pager_step pagina"
                onClick={[Function]}
                role="presentation"
        >
                3
        </a>
        <a
                className="pager_nav volgende"
                onClick={[Function]}
                role="presentation"
        >
                <FormattedMessage
                        defaultMessage="volgende"
                        id="app.components.Pager.next"
                        values={Object {}}
                />
        </a>
</div>,
      "className": "incidents-list-pager",
    },
    "ref": null,
    "rendered": Object {
      "instance": null,
      "key": undefined,
      "nodeType": "host",
      "props": Object {
        "children": Array [
          <a
            className="pager_nav vorige"
            onClick={[Function]}
            role="presentation"
>
            <FormattedMessage
                        defaultMessage="vorige"
                        id="app.components.Pager.previous"
                        values={Object {}}
            />
</a>,
          Array [
            <a
              className="pager_step pagina"
              onClick={[Function]}
              role="presentation"
>
              1
</a>,
            <span
              className="pager_step huidige"
              onClick={[Function]}
              role="presentation"
>
              <strong>
                            2
              </strong>
</span>,
            <a
              className="pager_step pagina"
              onClick={[Function]}
              role="presentation"
>
              3
</a>,
          ],
          <a
            className="pager_nav volgende"
            onClick={[Function]}
            role="presentation"
>
            <FormattedMessage
                        defaultMessage="volgende"
                        id="app.components.Pager.next"
                        values={Object {}}
            />
</a>,
        ],
        "className": "pager",
      },
      "ref": null,
      "rendered": Array [
        Object {
          "instance": null,
          "key": undefined,
          "nodeType": "host",
          "props": Object {
            "children": <FormattedMessage
              defaultMessage="vorige"
              id="app.components.Pager.previous"
              values={Object {}}
/>,
            "className": "pager_nav vorige",
            "onClick": [Function],
            "role": "presentation",
          },
          "ref": null,
          "rendered": Object {
            "instance": null,
            "key": undefined,
            "nodeType": "class",
            "props": Object {
              "defaultMessage": "vorige",
              "id": "app.components.Pager.previous",
              "values": Object {},
            },
            "ref": null,
            "rendered": null,
            "type": [Function],
          },
          "type": "a",
        },
        Object {
          "instance": null,
          "key": "1",
          "nodeType": "host",
          "props": Object {
            "children": 1,
            "className": "pager_step pagina",
            "onClick": [Function],
            "role": "presentation",
          },
          "ref": null,
          "rendered": 1,
          "type": "a",
        },
        Object {
          "instance": null,
          "key": "2",
          "nodeType": "host",
          "props": Object {
            "children": <strong>
              2
</strong>,
            "className": "pager_step huidige",
            "onClick": [Function],
            "role": "presentation",
          },
          "ref": null,
          "rendered": Object {
            "instance": null,
            "key": undefined,
            "nodeType": "host",
            "props": Object {
              "children": 2,
            },
            "ref": null,
            "rendered": 2,
            "type": "strong",
          },
          "type": "span",
        },
        Object {
          "instance": null,
          "key": "3",
          "nodeType": "host",
          "props": Object {
            "children": 3,
            "className": "pager_step pagina",
            "onClick": [Function],
            "role": "presentation",
          },
          "ref": null,
          "rendered": 3,
          "type": "a",
        },
        Object {
          "instance": null,
          "key": undefined,
          "nodeType": "host",
          "props": Object {
            "children": <FormattedMessage
              defaultMessage="volgende"
              id="app.components.Pager.next"
              values={Object {}}
/>,
            "className": "pager_nav volgende",
            "onClick": [Function],
            "role": "presentation",
          },
          "ref": null,
          "rendered": Object {
            "instance": null,
            "key": undefined,
            "nodeType": "class",
            "props": Object {
              "defaultMessage": "volgende",
              "id": "app.components.Pager.next",
              "values": Object {},
            },
            "ref": null,
            "rendered": null,
            "type": [Function],
          },
          "type": "a",
        },
      ],
      "type": "div",
    },
    "type": "div",
  },
  Symbol(enzyme.__nodes__): Array [
    Object {
      "instance": null,
      "key": undefined,
      "nodeType": "host",
      "props": Object {
        "children": <div
          className="pager"
>
          <a
                    className="pager_nav vorige"
                    onClick={[Function]}
                    role="presentation"
          >
                    <FormattedMessage
                              defaultMessage="vorige"
                              id="app.components.Pager.previous"
                              values={Object {}}
                    />
          </a>
          <a
                    className="pager_step pagina"
                    onClick={[Function]}
                    role="presentation"
          >
                    1
          </a>
          <span
                    className="pager_step huidige"
                    onClick={[Function]}
                    role="presentation"
          >
                    <strong>
                              2
                    </strong>
          </span>
          <a
                    className="pager_step pagina"
                    onClick={[Function]}
                    role="presentation"
          >
                    3
          </a>
          <a
                    className="pager_nav volgende"
                    onClick={[Function]}
                    role="presentation"
          >
                    <FormattedMessage
                              defaultMessage="volgende"
                              id="app.components.Pager.next"
                              values={Object {}}
                    />
          </a>
</div>,
        "className": "incidents-list-pager",
      },
      "ref": null,
      "rendered": Object {
        "instance": null,
        "key": undefined,
        "nodeType": "host",
        "props": Object {
          "children": Array [
            <a
              className="pager_nav vorige"
              onClick={[Function]}
              role="presentation"
>
              <FormattedMessage
                            defaultMessage="vorige"
                            id="app.components.Pager.previous"
                            values={Object {}}
              />
</a>,
            Array [
              <a
                className="pager_step pagina"
                onClick={[Function]}
                role="presentation"
>
                1
</a>,
              <span
                className="pager_step huidige"
                onClick={[Function]}
                role="presentation"
>
                <strong>
                                2
                </strong>
</span>,
              <a
                className="pager_step pagina"
                onClick={[Function]}
                role="presentation"
>
                3
</a>,
            ],
            <a
              className="pager_nav volgende"
              onClick={[Function]}
              role="presentation"
>
              <FormattedMessage
                            defaultMessage="volgende"
                            id="app.components.Pager.next"
                            values={Object {}}
              />
</a>,
          ],
          "className": "pager",
        },
        "ref": null,
        "rendered": Array [
          Object {
            "instance": null,
            "key": undefined,
            "nodeType": "host",
            "props": Object {
              "children": <FormattedMessage
                defaultMessage="vorige"
                id="app.components.Pager.previous"
                values={Object {}}
/>,
              "className": "pager_nav vorige",
              "onClick": [Function],
              "role": "presentation",
            },
            "ref": null,
            "rendered": Object {
              "instance": null,
              "key": undefined,
              "nodeType": "class",
              "props": Object {
                "defaultMessage": "vorige",
                "id": "app.components.Pager.previous",
                "values": Object {},
              },
              "ref": null,
              "rendered": null,
              "type": [Function],
            },
            "type": "a",
          },
          Object {
            "instance": null,
            "key": "1",
            "nodeType": "host",
            "props": Object {
              "children": 1,
              "className": "pager_step pagina",
              "onClick": [Function],
              "role": "presentation",
            },
            "ref": null,
            "rendered": 1,
            "type": "a",
          },
          Object {
            "instance": null,
            "key": "2",
            "nodeType": "host",
            "props": Object {
              "children": <strong>
                2
</strong>,
              "className": "pager_step huidige",
              "onClick": [Function],
              "role": "presentation",
            },
            "ref": null,
            "rendered": Object {
              "instance": null,
              "key": undefined,
              "nodeType": "host",
              "props": Object {
                "children": 2,
              },
              "ref": null,
              "rendered": 2,
              "type": "strong",
            },
            "type": "span",
          },
          Object {
            "instance": null,
            "key": "3",
            "nodeType": "host",
            "props": Object {
              "children": 3,
              "className": "pager_step pagina",
              "onClick": [Function],
              "role": "presentation",
            },
            "ref": null,
            "rendered": 3,
            "type": "a",
          },
          Object {
            "instance": null,
            "key": undefined,
            "nodeType": "host",
            "props": Object {
              "children": <FormattedMessage
                defaultMessage="volgende"
                id="app.components.Pager.next"
                values={Object {}}
/>,
              "className": "pager_nav volgende",
              "onClick": [Function],
              "role": "presentation",
            },
            "ref": null,
            "rendered": Object {
              "instance": null,
              "key": undefined,
              "nodeType": "class",
              "props": Object {
                "defaultMessage": "volgende",
                "id": "app.components.Pager.next",
                "values": Object {},
              },
              "ref": null,
              "rendered": null,
              "type": [Function],
            },
            "type": "a",
          },
        ],
        "type": "div",
      },
      "type": "div",
    },
  ],
  Symbol(enzyme.__options__): Object {
    "adapter": ReactSixteenAdapter {
      "options": Object {
        "enableComponentDidUpdateOnSetState": true,
      },
    },
  },
}
`;
