// Jest Snapshot v1, https://goo.gl/fbAQLP

exports[`Form component <DescriptionWithClassificationInput /> rendering should render classification text area field correctly 1`] = `
<div>
  <div
    className="row mode_input verplicht "
  >
    <Title
      meta={
        Object {
          "ifVisible": true,
          "name": "input-field-name",
          "placeholder": "type here",
        }
      }
    />
    <div
      className="input-help col-12"
    >
      <ErrorMessage
        getError={[MockFunction]}
        hasError={[MockFunction]}
        touched={false}
      />
    </div>
    <div
      className="col-12 invoer"
    >
      <textarea
        className="input"
        onBlur={[Function]}
        placeholder="type here"
        rows={6}
      />
    </div>
  </div>
</div>
`;

exports[`Form component <DescriptionWithClassificationInput /> rendering should render no classification text area field when not visible 1`] = `<div />`;
