// Jest Snapshot v1, https://goo.gl/fbAQLP

exports[`Form component <TextInput /> rendering should render field correctly 1`] = `
<div>
  <div
    className="row mode_input"
  >
    <Title
      meta={
        Object {
          "ifVisible": true,
          "name": "input-field-name",
          "placeholder": "type here",
          "type": "text",
        }
      }
    />
    <div
      className="col-12 invoer"
    >
      <input
        onChange={[Function]}
        placeholder="type here"
        type="text"
      />
    </div>
    <ErrorMessage
      getError={[MockFunction]}
      hasError={[MockFunction]}
      touched={false}
    />
  </div>
</div>
`;

exports[`Form component <TextInput /> rendering should render no text field when not visible 1`] = `<div />`;
