// Jest Snapshot v1, https://goo.gl/fbAQLP

exports[`Form component <Title /> should render correctly 1`] = `
<div
  className="title"
>
  <div
    className="title__label"
  >
    Title
    <span
      className="title--not-required"
    >
      (niet verplicht)
    </span>
  </div>
  <div
    className="title__subtitle"
  />
</div>
`;
